// Jest Snapshot v1, https://goo.gl/fbAQLP

exports[`Create MoviesList snapshot Should correctly render MoviesList 1`] = `
Array [
  <article
    className="small-movie-card catalog__movies-card"
    onMouseEnter={[Function]}
    onMouseOut={[Function]}
  >
    <div
      className="small-movie-card__image"
      onClick={[Function]}
    >
      <video
        aria-label="The Grand Budapest Hotel movie preview"
        height="175"
        muted={true}
        poster="img/the-grand-budapest-hotel.jpg"
        preload="none"
        width="280"
      >
        <source
          src="https://download.blender.org/durian/trailer/sintel_trailer-480p.mp4"
          type="video/mp4"
        />
      </video>
    </div>
    <h3
      className="small-movie-card__title"
    >
      <a
        className="small-movie-card__link"
        href="movie-page.html"
        onClick={[Function]}
      >
        The Grand Budapest Hotel
      </a>
    </h3>
  </article>,
  <article
    className="small-movie-card catalog__movies-card"
    onMouseEnter={[Function]}
    onMouseOut={[Function]}
  >
    <div
      className="small-movie-card__image"
      onClick={[Function]}
    >
      <video
        aria-label="Johnny English movie preview"
        height="175"
        muted={true}
        poster="img/johnny-english.jpg"
        preload="none"
        width="280"
      >
        <source
          src="https://download.blender.org/durian/trailer/sintel_trailer-480p.mp4"
          type="video/mp4"
        />
      </video>
    </div>
    <h3
      className="small-movie-card__title"
    >
      <a
        className="small-movie-card__link"
        href="movie-page.html"
        onClick={[Function]}
      >
        Johnny English
      </a>
    </h3>
  </article>,
  <article
    className="small-movie-card catalog__movies-card"
    onMouseEnter={[Function]}
    onMouseOut={[Function]}
  >
    <div
      className="small-movie-card__image"
      onClick={[Function]}
    >
      <video
        aria-label="Fantastic Beasts: The Crimes of Grindelwald movie preview"
        height="175"
        muted={true}
        poster="img/fantastic-beasts-the-crimes-of-grindelwald.jpg"
        preload="none"
        width="280"
      >
        <source
          src="https://download.blender.org/durian/trailer/sintel_trailer-480p.mp4"
          type="video/mp4"
        />
      </video>
    </div>
    <h3
      className="small-movie-card__title"
    >
      <a
        className="small-movie-card__link"
        href="movie-page.html"
        onClick={[Function]}
      >
        Fantastic Beasts: The Crimes of Grindelwald
      </a>
    </h3>
  </article>,
  <article
    className="small-movie-card catalog__movies-card"
    onMouseEnter={[Function]}
    onMouseOut={[Function]}
  >
    <div
      className="small-movie-card__image"
      onClick={[Function]}
    >
      <video
        aria-label="Bohemian Rhapsody movie preview"
        height="175"
        muted={true}
        poster="img/bohemian-rhapsody.jpg"
        preload="none"
        width="280"
      >
        <source
          src="https://download.blender.org/durian/trailer/sintel_trailer-480p.mp4"
          type="video/mp4"
        />
      </video>
    </div>
    <h3
      className="small-movie-card__title"
    >
      <a
        className="small-movie-card__link"
        href="movie-page.html"
        onClick={[Function]}
      >
        Bohemian Rhapsody
      </a>
    </h3>
  </article>,
  <article
    className="small-movie-card catalog__movies-card"
    onMouseEnter={[Function]}
    onMouseOut={[Function]}
  >
    <div
      className="small-movie-card__image"
      onClick={[Function]}
    >
      <video
        aria-label="Macbeth movie preview"
        height="175"
        muted={true}
        poster="img/macbeth.jpg"
        preload="none"
        width="280"
      >
        <source
          src="https://download.blender.org/durian/trailer/sintel_trailer-480p.mp4"
          type="video/mp4"
        />
      </video>
    </div>
    <h3
      className="small-movie-card__title"
    >
      <a
        className="small-movie-card__link"
        href="movie-page.html"
        onClick={[Function]}
      >
        Macbeth
      </a>
    </h3>
  </article>,
  <article
    className="small-movie-card catalog__movies-card"
    onMouseEnter={[Function]}
    onMouseOut={[Function]}
  >
    <div
      className="small-movie-card__image"
      onClick={[Function]}
    >
      <video
        aria-label="Aviator movie preview"
        height="175"
        muted={true}
        poster="img/aviator.jpg"
        preload="none"
        width="280"
      >
        <source
          src="https://download.blender.org/durian/trailer/sintel_trailer-480p.mp4"
          type="video/mp4"
        />
      </video>
    </div>
    <h3
      className="small-movie-card__title"
    >
      <a
        className="small-movie-card__link"
        href="movie-page.html"
        onClick={[Function]}
      >
        Aviator
      </a>
    </h3>
  </article>,
  <article
    className="small-movie-card catalog__movies-card"
    onMouseEnter={[Function]}
    onMouseOut={[Function]}
  >
    <div
      className="small-movie-card__image"
      onClick={[Function]}
    >
      <video
        aria-label="We need to talk about Kevin movie preview"
        height="175"
        muted={true}
        poster="img/we-need-to-talk-about-kevin.jpg"
        preload="none"
        width="280"
      >
        <source
          src="https://download.blender.org/durian/trailer/sintel_trailer-480p.mp4"
          type="video/mp4"
        />
      </video>
    </div>
    <h3
      className="small-movie-card__title"
    >
      <a
        className="small-movie-card__link"
        href="movie-page.html"
        onClick={[Function]}
      >
        We need to talk about Kevin
      </a>
    </h3>
  </article>,
  <article
    className="small-movie-card catalog__movies-card"
    onMouseEnter={[Function]}
    onMouseOut={[Function]}
  >
    <div
      className="small-movie-card__image"
      onClick={[Function]}
    >
      <video
        aria-label="Revenant movie preview"
        height="175"
        muted={true}
        poster="img/revenant.jpg"
        preload="none"
        width="280"
      >
        <source
          src="https://download.blender.org/durian/trailer/sintel_trailer-480p.mp4"
          type="video/mp4"
        />
      </video>
    </div>
    <h3
      className="small-movie-card__title"
    >
      <a
        className="small-movie-card__link"
        href="movie-page.html"
        onClick={[Function]}
      >
        Revenant
      </a>
    </h3>
  </article>,
]
`;
